My imagination is a *GOD DAMN* cancer and I'll pork it before it porks me! I 
pay no taxes! I am a giant lizard, I am the last remaining Homo Correctus! My 
droppings bore through the earth and erupt *volcanoes* in *Hell County*! My 
infernal sweat wilts the Tree of Life, I left my *spoor* on the Rock of Ages, 
*who'll come and get me, who'll spill their juice*? I wipe the *Pyramids* off 
my shoes before I enter *my* house. Now give me some more of... 
