Whenever in this Act an amendment to, or repeal of, a section or other 
provision is expressed in terms of an amendment or repeal, the term `cable 
service provided by telephone companies' has the meaning given such term in 
section 602. 
